﻿
> ignite-techfest-client@1.0.0 build
> vite build

[36mvite v5.4.21 [32mbuilding for production...[36m[39m
transforming...
[32mΓ£ô[39m 311 modules transformed.
node.exe : [31mx[39m Build 
failed in 1.42s
At line:1 char:1
+ & "C:\Program 
Files\nodejs/node.exe" 
"C:\Program Files\nodejs/node_mo 
...
+ ~~~~~~~~~~~~~~~~~~~~~~~~~~~~~~~~
~~~~~~~~~~~~~~~~~~~~~~~~~~~~~~~~~~
~~~
    + CategoryInfo          : Not 
   Specified: ([31mx[39m Build  
   failed in 1.42s:String) [],    
 RemoteException
    + FullyQualifiedErrorId : Nat 
   iveCommandError
 
[31merror during build:
[31mCould not resolve 
"../../services/events.service" 
from "src/pages/Events.jsx"[31m
file: [36mC:/Users/Somil/Desktop/
IGNITE2/client/src/pages/Events.js
x[31m
    at getRollupError (file:///C:/
Users/Somil/Desktop/IGNITE2/client
/node_modules/rollup/dist/es/share
d/parseAst.js:402:41)
    at error (file:///C:/Users/Som
il/Desktop/IGNITE2/client/node_mod
ules/rollup/dist/es/shared/parseAs
t.js:398:42)
    at ModuleLoader.handleInvalidR
esolvedId (file:///C:/Users/Somil/
Desktop/IGNITE2/client/node_module
s/rollup/dist/es/shared/node-entry
.js:21710:24)
    at file:///C:/Users/Somil/Desk
top/IGNITE2/client/node_modules/ro
llup/dist/es/shared/node-entry.js:
21670:26[39m
